// Jest Snapshot v1, https://goo.gl/fbAQLP

exports[`Missions component renders correctly 1`] = `
<div>
  <section>
    <table
      class="mission-table"
    >
      <thead>
        <tr>
          <th>
            Mission
          </th>
          <th>
            Description
          </th>
          <th>
            Status
          </th>
          <th>
             
          </th>
        </tr>
      </thead>
      <tbody>
        <tr>
          <td>
            Mission 1
          </td>
          <td>
            Mission 1 Description
          </td>
          <td>
            <span
              class="badge badge-success"
            >
              ACTIVE MEMBER
            </span>
          </td>
          <td>
            <button
              class="leaveBtn"
              type="button"
            >
              Leave Mission
            </button>
          </td>
        </tr>
        <tr>
          <td>
            Mission 2
          </td>
          <td>
            Mission 2 Description
          </td>
          <td>
            <span
              class="badge badge-danger"
            >
              NOT A MEMBER
            </span>
          </td>
          <td>
            <button
              class="joinBtn"
              type="button"
            >
              Join Mission
            </button>
          </td>
        </tr>
      </tbody>
    </table>
  </section>
</div>
`;
